#
# There is insufficient memory for the Java Runtime Environment to continue.
# Native memory allocation (malloc) failed to allocate 108176 bytes. Error detail: Chunk::new
# Possible reasons:
#   The system is out of physical RAM or swap space
#   This process is running with CompressedOops enabled, and the Java Heap may be blocking the growth of the native heap
# Possible solutions:
#   Reduce memory load on the system
#   Increase physical memory or swap space
#   Check if swap backing store is full
#   Decrease Java heap size (-Xmx/-Xms)
#   Decrease number of Java threads
#   Decrease Java thread stack sizes (-Xss)
#   Set larger code cache with -XX:ReservedCodeCacheSize=
#   JVM is running with Unscaled Compressed Oops mode in which the Java heap is
#     placed in the first 4GB address space. The Java Heap base address is the
#     maximum limit for the native heap growth. Please use -XX:HeapBaseMinAddress
#     to set the Java Heap base and to place the Java Heap above 4GB virtual address.
# This output file may be truncated or incomplete.
#
#  Out of Memory Error (arena.cpp:168), pid=17240, tid=15672
#
# JRE version: OpenJDK Runtime Environment Temurin-21.0.10+7 (21.0.10+7) (build 21.0.10+7-LTS)
# Java VM: OpenJDK 64-Bit Server VM Temurin-21.0.10+7 (21.0.10+7-LTS, mixed mode, sharing, tiered, compressed oops, compressed class ptrs, parallel gc, windows-amd64)
# No core dump will be written. Minidumps are not enabled by default on client versions of Windows
#

---------------  S U M M A R Y ------------

Command Line: --add-modules=ALL-SYSTEM --add-opens=java.base/java.util=ALL-UNNAMED --add-opens=java.base/java.lang=ALL-UNNAMED --add-opens=java.base/sun.nio.fs=ALL-UNNAMED -Declipse.application=org.eclipse.jdt.ls.core.id1 -Dosgi.bundles.defaultStartLevel=4 -Declipse.product=org.eclipse.jdt.ls.core.product -Djava.import.generatesMetadataFilesAtProjectRoot=false -DDetectVMInstallationsJob.disabled=true -Dfile.encoding=utf8 -XX:+UseParallelGC -XX:GCTimeRatio=4 -XX:AdaptiveSizePolicyWeight=90 -Dsun.zip.disableMemoryMapping=true -Xmx2G -Xms100m -Xlog:disable -javaagent:c:\Users\Leo\.vscode\extensions\redhat.java-1.53.0-win32-x64\lombok\lombok-1.18.39-4050.jar c:\Users\Leo\.vscode\extensions\redhat.java-1.53.0-win32-x64\server\plugins\org.eclipse.equinox.launcher_1.7.100.v20251111-0406.jar -configuration c:\Users\Leo\AppData\Roaming\Code\User\globalStorage\redhat.java\1.53.0\config_ss_win -data c:\Users\Leo\AppData\Roaming\Code\User\workspaceStorage\921cc6fb625f8115b0ac1532448bc31d\redhat.java\ss_ws --pipe=\\.\pipe\lsp-70bad3f0ad11bd055ad82b751ba1bec7-sock

Host: 11th Gen Intel(R) Core(TM) i3-1115G4 @ 3.00GHz, 4 cores, 7G,  Windows 11 , 64 bit Build 22621 (10.0.22621.5262)
Time: Fri Apr  3 14:06:35 2026 Hora de verano de Cuba elapsed time: 0.546188 seconds (0d 0h 0m 0s)

---------------  T H R E A D  ---------------

Current thread (0x000002055450c1e0):  JavaThread "C2 CompilerThread0" daemon [_thread_in_native, id=15672, stack(0x0000006f49000000,0x0000006f49100000) (1024K)]


Current CompileTask:
C2:546  661       4       lombok.patcher.scripts.MethodLevelPatchScript::patch (21 bytes)

Stack: [0x0000006f49000000,0x0000006f49100000]
Native frames: (J=compiled Java code, j=interpreted, Vv=VM code, C=native code)
V  [jvm.dll+0x6d7a39]
V  [jvm.dll+0x8b4b26]
V  [jvm.dll+0x8b70de]
V  [jvm.dll+0x8b77c3]
V  [jvm.dll+0x284346]
V  [jvm.dll+0xc66ed]
V  [jvm.dll+0xc6c31]
V  [jvm.dll+0x2fb29e]
V  [jvm.dll+0x5fe884]
V  [jvm.dll+0x255b17]
V  [jvm.dll+0x24dc0b]
V  [jvm.dll+0x24ba42]
V  [jvm.dll+0x1cb34e]
V  [jvm.dll+0x25b85d]
V  [jvm.dll+0x259dea]
V  [jvm.dll+0x3f857e]
V  [jvm.dll+0x85f59d]
V  [jvm.dll+0x6d626d]
C  [ucrtbase.dll+0x29333]
C  [KERNEL32.DLL+0x1259d]
C  [ntdll.dll+0x5af58]


---------------  P R O C E S S  ---------------

Threads class SMR info:
_java_thread_list=0x00000205965a2ba0, length=11, elements={
0x000002053ddc8790, 0x00000205545043c0, 0x000002053de7bfe0, 0x0000020554505fc0,
0x00000205545089f0, 0x0000020554509800, 0x000002055450b360, 0x000002055450c1e0,
0x000002055457cdc0, 0x0000020596425eb0, 0x00000205965bf010
}

Java Threads: ( => current thread )
  0x000002053ddc8790 JavaThread "main"                              [_thread_in_vm, id=16188, stack(0x0000006f48600000,0x0000006f48700000) (1024K)]
  0x00000205545043c0 JavaThread "Reference Handler"          daemon [_thread_blocked, id=16932, stack(0x0000006f48a00000,0x0000006f48b00000) (1024K)]
  0x000002053de7bfe0 JavaThread "Finalizer"                  daemon [_thread_blocked, id=16688, stack(0x0000006f48b00000,0x0000006f48c00000) (1024K)]
  0x0000020554505fc0 JavaThread "Signal Dispatcher"          daemon [_thread_blocked, id=15484, stack(0x0000006f48c00000,0x0000006f48d00000) (1024K)]
  0x00000205545089f0 JavaThread "Attach Listener"            daemon [_thread_blocked, id=15692, stack(0x0000006f48d00000,0x0000006f48e00000) (1024K)]
  0x0000020554509800 JavaThread "Service Thread"             daemon [_thread_blocked, id=14628, stack(0x0000006f48e00000,0x0000006f48f00000) (1024K)]
  0x000002055450b360 JavaThread "Monitor Deflation Thread"   daemon [_thread_blocked, id=408, stack(0x0000006f48f00000,0x0000006f49000000) (1024K)]
=>0x000002055450c1e0 JavaThread "C2 CompilerThread0"         daemon [_thread_in_native, id=15672, stack(0x0000006f49000000,0x0000006f49100000) (1024K)]
  0x000002055457cdc0 JavaThread "C1 CompilerThread0"         daemon [_thread_blocked, id=7220, stack(0x0000006f49100000,0x0000006f49200000) (1024K)]
  0x0000020596425eb0 JavaThread "Common-Cleaner"             daemon [_thread_blocked, id=14476, stack(0x0000006f49200000,0x0000006f49300000) (1024K)]
  0x00000205965bf010 JavaThread "Notification Thread"        daemon [_thread_blocked, id=14748, stack(0x0000006f49300000,0x0000006f49400000) (1024K)]
Total: 11

Other Threads:
  0x00000205544ff6a0 VMThread "VM Thread"                           [id=16532, stack(0x0000006f48900000,0x0000006f48a00000) (1024K)]
  0x000002055449c950 WatcherThread "VM Periodic Task Thread"        [id=13204, stack(0x0000006f48800000,0x0000006f48900000) (1024K)]
  0x000002053dde8310 WorkerThread "GC Thread#0"                     [id=9012, stack(0x0000006f48700000,0x0000006f48800000) (1024K)]
Total: 3

Threads with active compile tasks:
C2 CompilerThread0  580  661       4       lombok.patcher.scripts.MethodLevelPatchScript::patch (21 bytes)
C1 CompilerThread0  580  691       3       java.lang.invoke.InvokerBytecodeGenerator::getInternalName (103 bytes)
Total: 2

VM state: not at safepoint (normal execution)

VM Mutex/Monitor currently owned by a thread: None

Heap address: 0x0000000080000000, size: 2048 MB, Compressed Oops mode: 32-bit

CDS archive(s) mapped at: [0x0000020555000000-0x0000020555ba0000-0x0000020555ba0000), size 12189696, SharedBaseAddress: 0x0000020555000000, ArchiveRelocationMode: 1.
Compressed class space mapped at: 0x0000020556000000-0x0000020596000000, reserved size: 1073741824
Narrow klass base: 0x0000020555000000, Narrow klass shift: 0, Narrow klass range: 0x100000000

GC Precious Log:
 CardTable entry size: 512
 CPUs: 4 total, 4 available
 Memory: 7886M
 Large Page Support: Disabled
 NUMA Support: Disabled
 Compressed Oops: Enabled (32-bit)
 Alignments: Space 512K, Generation 512K, Heap 2M
 Heap Min Capacity: 100M
 Heap Initial Capacity: 100M
 Heap Max Capacity: 2G
 Pre-touch: Disabled
 Parallel Workers: 4

Heap:
 PSYoungGen      total 29696K, used 14580K [0x00000000d5580000, 0x00000000d7680000, 0x0000000100000000)
  eden space 25600K, 56% used [0x00000000d5580000,0x00000000d63bd350,0x00000000d6e80000)
  from space 4096K, 0% used [0x00000000d7280000,0x00000000d7280000,0x00000000d7680000)
  to   space 4096K, 0% used [0x00000000d6e80000,0x00000000d6e80000,0x00000000d7280000)
 ParOldGen       total 68608K, used 0K [0x0000000080000000, 0x0000000084300000, 0x00000000d5580000)
  object space 68608K, 0% used [0x0000000080000000,0x0000000080000000,0x0000000084300000)
 Metaspace       used 2783K, committed 3008K, reserved 1114112K
  class space    used 289K, committed 384K, reserved 1048576K

Card table byte_map: [0x000002053d670000,0x000002053da80000] _byte_map_base: 0x000002053d270000

Marking Bits: (ParMarkBitMap*) 0x00007ffefa613450
 Begin Bits: [0x000002054ffc0000, 0x0000020551fc0000)
 End Bits:   [0x0000020551fc0000, 0x0000020553fc0000)

Polling page: 0x000002053ba80000

Metaspace:

Usage:
  Non-class:      2.44 MB used.
      Class:    290.24 KB used.
       Both:      2.72 MB used.

Virtual space:
  Non-class space:       64.00 MB reserved,       2.56 MB (  4%) committed,  1 nodes.
      Class space:        1.00 GB reserved,     384.00 KB ( <1%) committed,  1 nodes.
             Both:        1.06 GB reserved,       2.94 MB ( <1%) committed. 

Chunk freelists:
   Non-Class:  11.65 MB
       Class:  15.67 MB
        Both:  27.32 MB

MaxMetaspaceSize: unlimited
CompressedClassSpaceSize: 1.00 GB
Initial GC threshold: 21.00 MB
Current GC threshold: 21.00 MB
CDS: on
 - commit_granule_bytes: 65536.
 - commit_granule_words: 8192.
 - virtual_space_node_default_size: 8388608.
 - enlarge_chunks_in_place: 1.
 - use_allocation_guard: 0.


Internal statistics:

num_allocs_failed_limit: 0.
num_arena_births: 82.
num_arena_deaths: 0.
num_vsnodes_births: 2.
num_vsnodes_deaths: 0.
num_space_committed: 47.
num_space_uncommitted: 0.
num_chunks_returned_to_freelist: 0.
num_chunks_taken_from_freelist: 104.
num_chunk_merges: 0.
num_chunk_splits: 73.
num_chunks_enlarged: 47.
num_inconsistent_stats: 0.

CodeHeap 'non-profiled nmethods': size=120000Kb used=242Kb max_used=242Kb free=119757Kb
 bounds [0x0000020548a90000, 0x0000020548d00000, 0x000002054ffc0000]
CodeHeap 'profiled nmethods': size=120000Kb used=1007Kb max_used=1007Kb free=118992Kb
 bounds [0x0000020540fc0000, 0x0000020541230000, 0x00000205484f0000]
CodeHeap 'non-nmethods': size=5760Kb used=1191Kb max_used=1201Kb free=4568Kb
 bounds [0x00000205484f0000, 0x0000020548760000, 0x0000020548a90000]
CodeCache: size=245760Kb, used=2440Kb, max_used=2450Kb, free=243317Kb
 total_blobs=1125, nmethods=684, adapters=347, full_count=0
Compilation: enabled, stopped_count=0, restarted_count=0

Compilation events (20 events):
Event: 0.513 Thread 0x000002055457cdc0  666       3       java.util.Objects::checkFromIndexSize (8 bytes)
Event: 0.513 Thread 0x000002055457cdc0 nmethod 666 0x00000205410b0910 code [0x00000205410b0ac0, 0x00000205410b0cc8]
Event: 0.513 Thread 0x000002055457cdc0  667  s    3       java.io.ByteArrayOutputStream::write (32 bytes)
Event: 0.514 Thread 0x000002055457cdc0 nmethod 667 0x00000205410b0e10 code [0x00000205410b0fc0, 0x00000205410b1210]
Event: 0.518 Thread 0x000002055457cdc0  670       3       java.lang.Integer::rotateRight (9 bytes)
Event: 0.518 Thread 0x000002055457cdc0 nmethod 670 0x00000205410b1310 code [0x00000205410b14a0, 0x00000205410b15a0]
Event: 0.518 Thread 0x000002055457cdc0  671       3       sun.invoke.util.Wrapper::forPrimitiveType (122 bytes)
Event: 0.519 Thread 0x000002055457cdc0 nmethod 671 0x00000205410b1610 code [0x00000205410b18e0, 0x00000205410b23c0]
Event: 0.526 Thread 0x000002055457cdc0  674       3       jdk.internal.util.ArraysSupport::vectorizedHashCode (158 bytes)
Event: 0.526 Thread 0x000002055457cdc0 nmethod 674 0x00000205410b2690 code [0x00000205410b29a0, 0x00000205410b3988]
Event: 0.534 Thread 0x000002055457cdc0  675       3       jdk.internal.org.objectweb.asm.SymbolTable::hash (15 bytes)
Event: 0.534 Thread 0x000002055457cdc0 nmethod 675 0x00000205410b3d10 code [0x00000205410b3ec0, 0x00000205410b4040]
Event: 0.534 Thread 0x000002055457cdc0  676       3       jdk.internal.org.objectweb.asm.SymbolTable$Entry::<init> (18 bytes)
Event: 0.534 Thread 0x000002055457cdc0 nmethod 676 0x00000205410b4190 code [0x00000205410b4340, 0x00000205410b44b8]
Event: 0.534 Thread 0x000002055457cdc0  677       3       sun.invoke.util.VerifyType::isNullConversion (157 bytes)
Event: 0.535 Thread 0x000002055457cdc0 nmethod 677 0x00000205410b4590 code [0x00000205410b48c0, 0x00000205410b5cf0]
Event: 0.536 Thread 0x000002055457cdc0  679       3       java.lang.invoke.MethodType::erase (8 bytes)
Event: 0.536 Thread 0x000002055457cdc0 nmethod 679 0x00000205410b6190 code [0x00000205410b6320, 0x00000205410b6450]
Event: 0.537 Thread 0x000002055457cdc0  680       3       java.lang.invoke.MemberName::getModifiers (8 bytes)
Event: 0.537 Thread 0x000002055457cdc0 nmethod 680 0x00000205410b6510 code [0x00000205410b66a0, 0x00000205410b67b0]

GC Heap History (0 events):
No events

Dll operation events (8 events):
Event: 0.020 Loaded shared library c:\Users\Leo\.vscode\extensions\redhat.java-1.53.0-win32-x64\jre\21.0.10-win32-x86_64\bin\java.dll
Event: 0.142 Loaded shared library c:\Users\Leo\.vscode\extensions\redhat.java-1.53.0-win32-x64\jre\21.0.10-win32-x86_64\bin\zip.dll
Event: 0.172 Loaded shared library C:\Users\Leo\.vscode\extensions\redhat.java-1.53.0-win32-x64\jre\21.0.10-win32-x86_64\bin\instrument.dll
Event: 0.178 Loaded shared library C:\Users\Leo\.vscode\extensions\redhat.java-1.53.0-win32-x64\jre\21.0.10-win32-x86_64\bin\net.dll
Event: 0.179 Loaded shared library C:\Users\Leo\.vscode\extensions\redhat.java-1.53.0-win32-x64\jre\21.0.10-win32-x86_64\bin\nio.dll
Event: 0.182 Loaded shared library C:\Users\Leo\.vscode\extensions\redhat.java-1.53.0-win32-x64\jre\21.0.10-win32-x86_64\bin\zip.dll
Event: 0.203 Loaded shared library C:\Users\Leo\.vscode\extensions\redhat.java-1.53.0-win32-x64\jre\21.0.10-win32-x86_64\bin\jimage.dll
Event: 0.291 Loaded shared library c:\Users\Leo\.vscode\extensions\redhat.java-1.53.0-win32-x64\jre\21.0.10-win32-x86_64\bin\verify.dll

Deoptimization events (20 events):
Event: 0.458 Thread 0x000002053ddc8790 Uncommon trap: trap_request=0xffffffde fr.pc=0x0000020548ac52cc relative=0x000000000000012c
Event: 0.458 Thread 0x000002053ddc8790 Uncommon trap: reason=class_check action=maybe_recompile pc=0x0000020548ac52cc method=jdk.internal.misc.Unsafe.allocateUninitializedArray(Ljava/lang/Class;I)Ljava/lang/Object; @ 51 c2
Event: 0.458 Thread 0x000002053ddc8790 DEOPT PACKING pc=0x0000020548ac52cc sp=0x0000006f486fbc70
Event: 0.458 Thread 0x000002053ddc8790 DEOPT UNPACKING pc=0x0000020548546da2 sp=0x0000006f486fbbe8 mode 2
Event: 0.458 Thread 0x000002053ddc8790 Uncommon trap: trap_request=0xffffffde fr.pc=0x0000020548ac52cc relative=0x000000000000012c
Event: 0.458 Thread 0x000002053ddc8790 Uncommon trap: reason=class_check action=maybe_recompile pc=0x0000020548ac52cc method=jdk.internal.misc.Unsafe.allocateUninitializedArray(Ljava/lang/Class;I)Ljava/lang/Object; @ 51 c2
Event: 0.458 Thread 0x000002053ddc8790 DEOPT PACKING pc=0x0000020548ac52cc sp=0x0000006f486fbc70
Event: 0.458 Thread 0x000002053ddc8790 DEOPT UNPACKING pc=0x0000020548546da2 sp=0x0000006f486fbbe8 mode 2
Event: 0.458 Thread 0x000002053ddc8790 Uncommon trap: trap_request=0xffffffde fr.pc=0x0000020548ac52cc relative=0x000000000000012c
Event: 0.458 Thread 0x000002053ddc8790 Uncommon trap: reason=class_check action=maybe_recompile pc=0x0000020548ac52cc method=jdk.internal.misc.Unsafe.allocateUninitializedArray(Ljava/lang/Class;I)Ljava/lang/Object; @ 51 c2
Event: 0.458 Thread 0x000002053ddc8790 DEOPT PACKING pc=0x0000020548ac52cc sp=0x0000006f486fbcb0
Event: 0.458 Thread 0x000002053ddc8790 DEOPT UNPACKING pc=0x0000020548546da2 sp=0x0000006f486fbc28 mode 2
Event: 0.466 Thread 0x000002053ddc8790 Uncommon trap: trap_request=0xffffff45 fr.pc=0x0000020548ac1eec relative=0x000000000000014c
Event: 0.466 Thread 0x000002053ddc8790 Uncommon trap: reason=unstable_if action=reinterpret pc=0x0000020548ac1eec method=jdk.internal.util.ArraysSupport.vectorizedHashCode(Ljava/lang/Object;IIII)I @ 2 c2
Event: 0.467 Thread 0x000002053ddc8790 DEOPT PACKING pc=0x0000020548ac1eec sp=0x0000006f486fcb10
Event: 0.467 Thread 0x000002053ddc8790 DEOPT UNPACKING pc=0x0000020548546da2 sp=0x0000006f486fcac0 mode 2
Event: 0.480 Thread 0x000002053ddc8790 Uncommon trap: trap_request=0xffffff45 fr.pc=0x0000020548ab34f4 relative=0x00000000000000d4
Event: 0.480 Thread 0x000002053ddc8790 Uncommon trap: reason=unstable_if action=reinterpret pc=0x0000020548ab34f4 method=java.net.URI.match(CJJ)Z @ 45 c2
Event: 0.480 Thread 0x000002053ddc8790 DEOPT PACKING pc=0x0000020548ab34f4 sp=0x0000006f486fcc90
Event: 0.480 Thread 0x000002053ddc8790 DEOPT UNPACKING pc=0x0000020548546da2 sp=0x0000006f486fcbf8 mode 2

Classes loaded (20 events):
Event: 0.536 Loading class jdk/internal/jimage/decompressor/StringSharingDecompressorFactory done
Event: 0.536 Loading class jdk/internal/jimage/decompressor/ZipDecompressor
Event: 0.536 Loading class jdk/internal/jimage/decompressor/ResourceDecompressor
Event: 0.536 Loading class jdk/internal/jimage/decompressor/ResourceDecompressor done
Event: 0.536 Loading class jdk/internal/jimage/decompressor/ZipDecompressor done
Event: 0.537 Loading class jdk/internal/icu/util/VersionInfo
Event: 0.542 Loading class jdk/internal/icu/util/VersionInfo done
Event: 0.542 Loading class jdk/internal/icu/util/CodePointTrie$Fast16
Event: 0.542 Loading class jdk/internal/icu/util/CodePointTrie$Fast
Event: 0.542 Loading class jdk/internal/icu/util/CodePointTrie
Event: 0.542 Loading class jdk/internal/icu/util/CodePointMap
Event: 0.542 Loading class jdk/internal/icu/util/CodePointMap done
Event: 0.542 Loading class jdk/internal/icu/util/CodePointTrie done
Event: 0.542 Loading class jdk/internal/icu/util/CodePointTrie$Fast done
Event: 0.542 Loading class jdk/internal/icu/util/CodePointTrie$Fast16 done
Event: 0.542 Loading class jdk/internal/icu/util/CodePointTrie$Type
Event: 0.542 Loading class jdk/internal/icu/util/CodePointTrie$Type done
Event: 0.542 Loading class jdk/internal/icu/util/CodePointTrie$ValueWidth
Event: 0.545 Loading class jdk/internal/icu/util/CodePointTrie$ValueWidth done
Event: 0.545 Loading class java/nio/ByteBufferAsCharBufferL

Classes unloaded (0 events):
No events

Classes redefined (0 events):
No events

Internal exceptions (12 events):
Event: 0.135 Thread 0x000002053ddc8790 Exception <a 'java/lang/NoSuchMethodError'{0x00000000d57a92e0}: 'void java.lang.invoke.DirectMethodHandle$Holder.invokeStatic(java.lang.Object, java.lang.Object, java.lang.Object)'> (0x00000000d57a92e0) 
thrown [s\src\hotspot\share\interpreter\linkResolver.cpp, line 773]
Event: 0.197 Thread 0x000002053ddc8790 Exception <a 'java/lang/NoSuchMethodError'{0x00000000d5912a30}: 'java.lang.Object java.lang.invoke.Invokers$Holder.invokeExact_MT(java.lang.Object, java.lang.Object, java.lang.Object, java.lang.Object, java.lang.Object)'> (0x00000000d5912a30) 
thrown [s\src\hotspot\share\interpreter\linkResolver.cpp, line 773]
Event: 0.234 Thread 0x000002053ddc8790 Exception <a 'java/lang/NoSuchMethodError'{0x00000000d59cbd38}: 'int java.lang.invoke.DirectMethodHandle$Holder.invokeSpecial(java.lang.Object, java.lang.Object, java.lang.Object, int)'> (0x00000000d59cbd38) 
thrown [s\src\hotspot\share\interpreter\linkResolver.cpp, line 773]
Event: 0.237 Thread 0x000002053ddc8790 Exception <a 'java/lang/NoSuchMethodError'{0x00000000d59de7a8}: 'java.lang.Object java.lang.invoke.DirectMethodHandle$Holder.invokeStatic(java.lang.Object, java.lang.Object, java.lang.Object, java.lang.Object, int)'> (0x00000000d59de7a8) 
thrown [s\src\hotspot\share\interpreter\linkResolver.cpp, line 773]
Event: 0.242 Thread 0x000002053ddc8790 Exception <a 'java/lang/NoSuchMethodError'{0x00000000d59e9be8}: 'void java.lang.invoke.DelegatingMethodHandle$Holder.reinvoke_L(java.lang.Object, java.lang.Object, java.lang.Object, int, java.lang.Object)'> (0x00000000d59e9be8) 
thrown [s\src\hotspot\share\interpreter\linkResolver.cpp, line 773]
Event: 0.246 Thread 0x000002053ddc8790 Exception <a 'java/lang/NoSuchMethodError'{0x00000000d59fa538}: 'int java.lang.invoke.DirectMethodHandle$Holder.invokeSpecial(java.lang.Object, java.lang.Object, java.lang.Object)'> (0x00000000d59fa538) 
thrown [s\src\hotspot\share\interpreter\linkResolver.cpp, line 773]
Event: 0.248 Thread 0x000002053ddc8790 Exception <a 'java/lang/NoSuchMethodError'{0x00000000d5a061f8}: 'java.lang.Object java.lang.invoke.DirectMethodHandle$Holder.invokeStatic(java.lang.Object, java.lang.Object, int)'> (0x00000000d5a061f8) 
thrown [s\src\hotspot\share\interpreter\linkResolver.cpp, line 773]
Event: 0.249 Thread 0x000002053ddc8790 Exception <a 'java/lang/NoSuchMethodError'{0x00000000d5a0ab48}: 'void java.lang.invoke.DirectMethodHandle$Holder.invokeStatic(java.lang.Object, java.lang.Object, int, java.lang.Object)'> (0x00000000d5a0ab48) 
thrown [s\src\hotspot\share\interpreter\linkResolver.cpp, line 773]
Event: 0.249 Thread 0x000002053ddc8790 Exception <a 'java/lang/NoSuchMethodError'{0x00000000d5a0e6d8}: 'void java.lang.invoke.DirectMethodHandle$Holder.invokeSpecial(java.lang.Object, java.lang.Object, java.lang.Object, int, java.lang.Object)'> (0x00000000d5a0e6d8) 
thrown [s\src\hotspot\share\interpreter\linkResolver.cpp, line 773]
Event: 0.250 Thread 0x000002053ddc8790 Exception <a 'java/lang/NoSuchMethodError'{0x00000000d5a11b48}: 'void java.lang.invoke.DelegatingMethodHandle$Holder.delegate(java.lang.Object, java.lang.Object, int, java.lang.Object)'> (0x00000000d5a11b48) 
thrown [s\src\hotspot\share\interpreter\linkResolver.cpp, line 773]
Event: 0.313 Thread 0x000002053ddc8790 Exception <a 'java/lang/NoSuchMethodError'{0x00000000d5bd1d18}: 'void java.lang.invoke.DelegatingMethodHandle$Holder.reinvoke_L(java.lang.Object, java.lang.Object, java.lang.Object, int)'> (0x00000000d5bd1d18) 
thrown [s\src\hotspot\share\interpreter\linkResolver.cpp, line 773]
Event: 0.459 Thread 0x000002053ddc8790 Exception <a 'java/lang/NoSuchMethodError'{0x00000000d6060778}: 'void java.lang.invoke.DirectMethodHandle$Holder.invokeVirtual(java.lang.Object, java.lang.Object)'> (0x00000000d6060778) 
thrown [s\src\hotspot\share\interpreter\linkResolver.cpp, line 773]

ZGC Phase Switch (0 events):
No events

VM Operations (4 events):
Event: 0.140 Executing non-safepoint VM operation: HandshakeAllThreads (Deoptimize)
Event: 0.140 Executing non-safepoint VM operation: HandshakeAllThreads (Deoptimize) done
Event: 0.217 Executing non-safepoint VM operation: HandshakeAllThreads (Deoptimize)
Event: 0.217 Executing non-safepoint VM operation: HandshakeAllThreads (Deoptimize) done

Memory protections (0 events):
No events

Nmethod flushes (0 events):
No events

Events (11 events):
Event: 0.046 Thread 0x000002053ddc8790 Thread added: 0x000002053ddc8790
Event: 0.080 Thread 0x000002053ddc8790 Thread added: 0x00000205545043c0
Event: 0.081 Thread 0x000002053ddc8790 Thread added: 0x000002053de7bfe0
Event: 0.081 Thread 0x000002053ddc8790 Thread added: 0x0000020554505fc0
Event: 0.081 Thread 0x000002053ddc8790 Thread added: 0x00000205545089f0
Event: 0.081 Thread 0x000002053ddc8790 Thread added: 0x0000020554509800
Event: 0.081 Thread 0x000002053ddc8790 Thread added: 0x000002055450b360
Event: 0.081 Thread 0x000002053ddc8790 Thread added: 0x000002055450c1e0
Event: 0.091 Thread 0x000002053ddc8790 Thread added: 0x000002055457cdc0
Event: 0.175 Thread 0x000002053ddc8790 Thread added: 0x0000020596425eb0
Event: 0.382 Thread 0x000002053ddc8790 Thread added: 0x00000205965bf010


Dynamic libraries:
0x00007ff67ac40000 - 0x00007ff67ac4e000 	c:\Users\Leo\.vscode\extensions\redhat.java-1.53.0-win32-x64\jre\21.0.10-win32-x86_64\bin\java.exe
0x00007fffb8e50000 - 0x00007fffb9067000 	C:\WINDOWS\SYSTEM32\ntdll.dll
0x00007fffb8100000 - 0x00007fffb81c4000 	C:\WINDOWS\System32\KERNEL32.DLL
0x00007fffb6240000 - 0x00007fffb6613000 	C:\WINDOWS\System32\KERNELBASE.dll
0x00007fffb66d0000 - 0x00007fffb67e1000 	C:\WINDOWS\System32\ucrtbase.dll
0x00007fffaabc0000 - 0x00007fffaabd8000 	c:\Users\Leo\.vscode\extensions\redhat.java-1.53.0-win32-x64\jre\21.0.10-win32-x86_64\bin\jli.dll
0x00007fffb7a20000 - 0x00007fffb7bd1000 	C:\WINDOWS\System32\USER32.dll
0x00007fffb6170000 - 0x00007fffb6196000 	C:\WINDOWS\System32\win32u.dll
0x00007fffb81d0000 - 0x00007fffb81f9000 	C:\WINDOWS\System32\GDI32.dll
0x00007fffb69b0000 - 0x00007fffb6ad2000 	C:\WINDOWS\System32\gdi32full.dll
0x00007fffa0b40000 - 0x00007fffa0b5e000 	c:\Users\Leo\.vscode\extensions\redhat.java-1.53.0-win32-x64\jre\21.0.10-win32-x86_64\bin\VCRUNTIME140.dll
0x00007fffb61a0000 - 0x00007fffb623a000 	C:\WINDOWS\System32\msvcp_win.dll
0x00007fff9db10000 - 0x00007fff9ddab000 	C:\WINDOWS\WinSxS\amd64_microsoft.windows.common-controls_6595b64144ccf1df_6.0.22621.5262_none_2712bde373830908\COMCTL32.dll
0x00007fffb8aa0000 - 0x00007fffb8b47000 	C:\WINDOWS\System32\msvcrt.dll
0x00007fffb7550000 - 0x00007fffb7581000 	C:\WINDOWS\System32\IMM32.DLL
0x00007fffad420000 - 0x00007fffad42c000 	c:\Users\Leo\.vscode\extensions\redhat.java-1.53.0-win32-x64\jre\21.0.10-win32-x86_64\bin\vcruntime140_1.dll
0x00007fff66170000 - 0x00007fff661fd000 	c:\Users\Leo\.vscode\extensions\redhat.java-1.53.0-win32-x64\jre\21.0.10-win32-x86_64\bin\msvcp140.dll
0x00007ffef9950000 - 0x00007ffefa6f1000 	c:\Users\Leo\.vscode\extensions\redhat.java-1.53.0-win32-x64\jre\21.0.10-win32-x86_64\bin\server\jvm.dll
0x00007fffb8680000 - 0x00007fffb8731000 	C:\WINDOWS\System32\ADVAPI32.dll
0x00007fffb8850000 - 0x00007fffb88f7000 	C:\WINDOWS\System32\sechost.dll
0x00007fffb66a0000 - 0x00007fffb66c8000 	C:\WINDOWS\System32\bcrypt.dll
0x00007fffb8970000 - 0x00007fffb8a84000 	C:\WINDOWS\System32\RPCRT4.dll
0x00007fffb7d30000 - 0x00007fffb7da1000 	C:\WINDOWS\System32\WS2_32.dll
0x00007fffb5720000 - 0x00007fffb576d000 	C:\WINDOWS\SYSTEM32\POWRPROF.dll
0x00007fffad6b0000 - 0x00007fffad6e4000 	C:\WINDOWS\SYSTEM32\WINMM.dll
0x00007fffa7d80000 - 0x00007fffa7d8a000 	C:\WINDOWS\SYSTEM32\VERSION.dll
0x00007fffb56b0000 - 0x00007fffb56c3000 	C:\WINDOWS\SYSTEM32\UMPDC.dll
0x00007fffb4f40000 - 0x00007fffb4f58000 	C:\WINDOWS\SYSTEM32\kernel.appcore.dll
0x00007fffa5ac0000 - 0x00007fffa5aca000 	c:\Users\Leo\.vscode\extensions\redhat.java-1.53.0-win32-x64\jre\21.0.10-win32-x86_64\bin\jimage.dll
0x00007fffb38e0000 - 0x00007fffb3b12000 	C:\WINDOWS\SYSTEM32\DBGHELP.DLL
0x00007fffb7670000 - 0x00007fffb7a03000 	C:\WINDOWS\System32\combase.dll
0x00007fffb8020000 - 0x00007fffb80f7000 	C:\WINDOWS\System32\OLEAUT32.dll
0x00007fffa60a0000 - 0x00007fffa60d2000 	C:\WINDOWS\SYSTEM32\dbgcore.DLL
0x00007fffb6620000 - 0x00007fffb669b000 	C:\WINDOWS\System32\bcryptPrimitives.dll
0x00007fffa0a40000 - 0x00007fffa0a4f000 	c:\Users\Leo\.vscode\extensions\redhat.java-1.53.0-win32-x64\jre\21.0.10-win32-x86_64\bin\instrument.dll
0x00007fff8ce50000 - 0x00007fff8ce70000 	c:\Users\Leo\.vscode\extensions\redhat.java-1.53.0-win32-x64\jre\21.0.10-win32-x86_64\bin\java.dll
0x00007fffb6cb0000 - 0x00007fffb754d000 	C:\WINDOWS\System32\SHELL32.dll
0x00007fffb67f0000 - 0x00007fffb692f000 	C:\WINDOWS\System32\wintypes.dll
0x00007fffb3e30000 - 0x00007fffb474d000 	C:\WINDOWS\SYSTEM32\windows.storage.dll
0x00007fffb8740000 - 0x00007fffb884b000 	C:\WINDOWS\System32\SHCORE.dll
0x00007fffb8900000 - 0x00007fffb8966000 	C:\WINDOWS\System32\shlwapi.dll
0x00007fffb5e70000 - 0x00007fffb5e9b000 	C:\WINDOWS\SYSTEM32\profapi.dll
0x00007fff8c520000 - 0x00007fff8c538000 	c:\Users\Leo\.vscode\extensions\redhat.java-1.53.0-win32-x64\jre\21.0.10-win32-x86_64\bin\zip.dll
0x00007fffa0750000 - 0x00007fffa0760000 	C:\Users\Leo\.vscode\extensions\redhat.java-1.53.0-win32-x64\jre\21.0.10-win32-x86_64\bin\net.dll
0x00007fffad4d0000 - 0x00007fffad5fc000 	C:\WINDOWS\SYSTEM32\WINHTTP.dll
0x00007fffb53b0000 - 0x00007fffb541a000 	C:\WINDOWS\system32\mswsock.dll
0x00007fff8c890000 - 0x00007fff8c8a6000 	C:\Users\Leo\.vscode\extensions\redhat.java-1.53.0-win32-x64\jre\21.0.10-win32-x86_64\bin\nio.dll
0x00007fff9bd90000 - 0x00007fff9bda0000 	c:\Users\Leo\.vscode\extensions\redhat.java-1.53.0-win32-x64\jre\21.0.10-win32-x86_64\bin\verify.dll

JVMTI agents:
c:\Users\Leo\.vscode\extensions\redhat.java-1.53.0-win32-x64\lombok\lombok-1.18.39-4050.jar path:c:\Users\Leo\.vscode\extensions\redhat.java-1.53.0-win32-x64\jre\21.0.10-win32-x86_64\bin\instrument.dll, loaded, initialized, instrumentlib options:none

dbghelp: loaded successfully - version: 4.0.5 - missing functions: none
symbol engine: initialized successfully - sym options: 0x614 - pdb path: .;c:\Users\Leo\.vscode\extensions\redhat.java-1.53.0-win32-x64\jre\21.0.10-win32-x86_64\bin;C:\WINDOWS\SYSTEM32;C:\WINDOWS\WinSxS\amd64_microsoft.windows.common-controls_6595b64144ccf1df_6.0.22621.5262_none_2712bde373830908;c:\Users\Leo\.vscode\extensions\redhat.java-1.53.0-win32-x64\jre\21.0.10-win32-x86_64\bin\server

VM Arguments:
jvm_args: --add-modules=ALL-SYSTEM --add-opens=java.base/java.util=ALL-UNNAMED --add-opens=java.base/java.lang=ALL-UNNAMED --add-opens=java.base/sun.nio.fs=ALL-UNNAMED -Declipse.application=org.eclipse.jdt.ls.core.id1 -Dosgi.bundles.defaultStartLevel=4 -Declipse.product=org.eclipse.jdt.ls.core.product -Djava.import.generatesMetadataFilesAtProjectRoot=false -DDetectVMInstallationsJob.disabled=true -Dfile.encoding=utf8 -XX:+UseParallelGC -XX:GCTimeRatio=4 -XX:AdaptiveSizePolicyWeight=90 -Dsun.zip.disableMemoryMapping=true -Xmx2G -Xms100m -Xlog:disable -javaagent:c:\Users\Leo\.vscode\extensions\redhat.java-1.53.0-win32-x64\lombok\lombok-1.18.39-4050.jar 
java_command: c:\Users\Leo\.vscode\extensions\redhat.java-1.53.0-win32-x64\server\plugins\org.eclipse.equinox.launcher_1.7.100.v20251111-0406.jar -configuration c:\Users\Leo\AppData\Roaming\Code\User\globalStorage\redhat.java\1.53.0\config_ss_win -data c:\Users\Leo\AppData\Roaming\Code\User\workspaceStorage\921cc6fb625f8115b0ac1532448bc31d\redhat.java\ss_ws --pipe=\\.\pipe\lsp-70bad3f0ad11bd055ad82b751ba1bec7-sock
java_class_path (initial): c:\Users\Leo\.vscode\extensions\redhat.java-1.53.0-win32-x64\server\plugins\org.eclipse.equinox.launcher_1.7.100.v20251111-0406.jar
Launcher Type: SUN_STANDARD

[Global flags]
    uintx AdaptiveSizePolicyWeight                 = 90                                        {product} {command line}
     intx CICompilerCount                          = 3                                         {product} {ergonomic}
    uintx GCTimeRatio                              = 4                                         {product} {command line}
   size_t InitialHeapSize                          = 104857600                                 {product} {command line}
   size_t MaxHeapSize                              = 2147483648                                {product} {command line}
   size_t MaxNewSize                               = 715653120                                 {product} {ergonomic}
   size_t MinHeapDeltaBytes                        = 524288                                    {product} {ergonomic}
   size_t MinHeapSize                              = 104857600                                 {product} {command line}
   size_t NewSize                                  = 34603008                                  {product} {ergonomic}
    uintx NonNMethodCodeHeapSize                   = 5832780                                {pd product} {ergonomic}
    uintx NonProfiledCodeHeapSize                  = 122912730                              {pd product} {ergonomic}
   size_t OldSize                                  = 70254592                                  {product} {ergonomic}
    uintx ProfiledCodeHeapSize                     = 122912730                              {pd product} {ergonomic}
    uintx ReservedCodeCacheSize                    = 251658240                              {pd product} {ergonomic}
     bool SegmentedCodeCache                       = true                                      {product} {ergonomic}
   size_t SoftMaxHeapSize                          = 2147483648                             {manageable} {ergonomic}
     bool UseCompressedOops                        = true                           {product lp64_product} {ergonomic}
     bool UseLargePagesIndividualAllocation        = false                                  {pd product} {ergonomic}
     bool UseParallelGC                            = true                                      {product} {command line}

Logging:
Log output configuration:
 #0: stdout all=off uptime,level,tags foldmultilines=false
 #1: stderr all=off uptime,level,tags foldmultilines=false

Release file:
JAVA_VERSION="21.0.10" 
MODULES="java.base java.compiler java.datatransfer java.xml java.prefs java.desktop java.instrument java.logging java.management java.security.sasl java.naming java.rmi java.management.rmi java.net.http java.scripting java.security.jgss java.transaction.xa java.sql java.sql.rowset java.xml.crypto java.se java.smartcardio jdk.accessibility jdk.internal.jvmstat jdk.attach jdk.charsets jdk.internal.opt jdk.zipfs jdk.compiler jdk.crypto.ec jdk.crypto.cryptoki jdk.crypto.mscapi jdk.dynalink jdk.internal.ed jdk.editpad jdk.hotspot.agent jdk.httpserver jdk.internal.le jdk.internal.vm.ci jdk.internal.vm.compiler jdk.internal.vm.compiler.management jdk.jartool jdk.javadoc jdk.jcmd jdk.management jdk.management.agent jdk.jconsole jdk.jdeps jdk.jdwp.agent jdk.jdi jdk.jfr jdk.jshell jdk.jsobject jdk.jstatd jdk.localedata jdk.management.jfr jdk.naming.dns jdk.naming.rmi jdk.net jdk.nio.mapmode jdk.random jdk.sctp jdk.security.auth jdk.security.jgss jdk.unsupported jdk.unsupported.desktop jdk.xml.dom" 

Environment Variables:
PATH=C:\Users\Leo\bin;C:\Program Files\Git\mingw64\bin;C:\Program Files\Git\usr\local\bin;C:\Program Files\Git\usr\bin;C:\Program Files\Git\usr\bin;C:\Program Files\Git\mingw64\bin;C:\Program Files\Git\usr\bin;C:\Users\Leo\bin;D:\Descargas;C:\Program Files\Common Files\Oracle\Java\javapath;C:\WINDOWS\system32;C:\WINDOWS;C:\WINDOWS\System32\Wbem;C:\WINDOWS\System32\WindowsPowerShell\v1.0;C:\WINDOWS\System32\OpenSSH;C:\Program Files (x86)\Microsoft SQL Server\160\Tools\Binn;C:\Program Files\Microsoft SQL Server\160\Tools\Binn;C:\Program Files\Microsoft SQL Server\Client SDK\ODBC\170\Tools\Binn;C:\Program Files\Microsoft SQL Server\160\DTS\Binn;C:\Program Files (x86)\Microsoft SQL Server\160\DTS\Binn;C:\Program Files\Microsoft SQL Server\150\Tools\Binn;C:\Program Files\dotnet;C:\Program Files\Git\cmd;D:\JAVA\apache-maven-3.9.9\bin;C:\Program Files\MySQL\MySQL Server 9.1\bin;C:\Program Files\Docker\Docker\resources\bin;C:\ProgramData\chocolatey\bin;C:\Users\Leo\AppData\Local\Microsoft\WindowsApps;C:\Users\Leo\AppData\Roaming\npm;C:\Users\Leo\AppData\Local\Programs\Microsoft VS Code\bin;C:\Users\Leo\.dotnet\tools;C:\Program Files\Cloudflare;D:\npm-global;C:\Users\Leo\AppData\Local\nvm;C:\nvm4w\nodejs;C:\Users\Leo\AppData\Local\Programs\Python\Python313\Scripts;C:\Users\Leo\AppData\Local\Programs\Python\Python313;C:\Users\Leo\AppData\Local\Programs\Python\Launcher;C:\Users\Leo\AppData\Local\Microsoft\WindowsApps;C:\Users\Leo\AppData\Local\Programs\Microsoft VS Code\bin;C:\Users\Leo\.dotnet\tools;C:\Users\Leo\AppData\Local\nvm;C:\nvm4w\nodejs;C:\Program Files\Git\usr\bin\vendor_perl;C:\Program Files\Git\usr\bin\core_perl
USERNAME=Leo
SHELL=C:\Program Files\Git\usr\bin\bash.exe
DISPLAY=needs-to-be-defined
LC_CTYPE=es_ES.UTF-8
TERM=xterm
TMPDIR=C:\Users\Leo\AppData\Local\Temp
OS=Windows_NT
PROCESSOR_IDENTIFIER=Intel64 Family 6 Model 140 Stepping 1, GenuineIntel
TMP=C:\Users\Leo\AppData\Local\Temp
TEMP=C:\Users\Leo\AppData\Local\Temp




Periodic native trim disabled

---------------  S Y S T E M  ---------------

OS:
 Windows 11 , 64 bit Build 22621 (10.0.22621.5262)
OS uptime: 0 days 4:15 hours
Hyper-V role detected

CPU: total 4 (initial active 4) (2 cores per cpu, 2 threads per core) family 6 model 140 stepping 1 microcode 0xa6, cx8, cmov, fxsr, ht, mmx, 3dnowpref, sse, sse2, sse3, ssse3, sse4.1, sse4.2, popcnt, lzcnt, tsc, tscinvbit, avx, avx2, aes, erms, clmul, bmi1, bmi2, adx, avx512f, avx512dq, avx512cd, avx512bw, avx512vl, sha, fma, vzeroupper, avx512_vpopcntdq, avx512_vpclmulqdq, avx512_vaes, avx512_vnni, clflush, clflushopt, clwb, avx512_vbmi2, avx512_vbmi, hv, rdtscp, rdpid, fsrm, gfni, avx512_bitalg, f16c, cet_ibt, cet_ss, avx512_ifma
Processor Information for the first 4 processors :
  Max Mhz: 2995, Current Mhz: 2995, Mhz Limit: 2995

Memory: 4k page, system-wide physical 7886M (166M free)
TotalPageFile size 20190M (AvailPageFile size 0M)
current process WorkingSet (physical memory assigned to process): 56M, peak: 56M
current process commit charge ("private bytes"): 214M, peak: 215M

vm_info: OpenJDK 64-Bit Server VM (21.0.10+7-LTS) for windows-amd64 JRE (21.0.10+7-LTS), built on 2026-01-20T00:00:00Z by "admin" with MS VC++ 17.12 (VS2022)

END.
